// Jest Snapshot v1, https://goo.gl/fbAQLP

exports[`EditTaskContent should match the snapshot 1`] = `
.emotion-0 {
  width: calc(100% - 4em);
  -webkit-box-flex: 1;
  -webkit-flex-grow: 1;
  -ms-flex-positive: 1;
  flex-grow: 1;
  display: -webkit-box;
  display: -webkit-flex;
  display: -ms-flexbox;
  display: flex;
  -webkit-flex-direction: column;
  -ms-flex-direction: column;
  flex-direction: column;
  margin: 2em;
  -webkit-box-pack: start;
  -ms-flex-pack: start;
  -webkit-justify-content: start;
  justify-content: start;
  -webkit-align-content: flex-start;
  -ms-flex-line-pack: flex-start;
  align-content: flex-start;
}

.emotion-1 {
  border: 1px solid var(--search-input-border-and-icon-bg-color);
  background-color: var(--search-input-bg-color);
  color: var(--input-font-color);
  font-weight: 800;
  padding-left: 1em;
  border-radius: var(--standard-border-radius);
  -webkit-transition: filter 0.3s ease-in-out;
  transition: filter 0.3s ease-in-out;
  margin-bottom: 1em;
  height: 3em;
  box-shadow: var(--container-box-shadow);
}

.emotion-1::-webkit-input-placeholder {
  color: var(--text-font-color);
  font-weight: 600;
  opacity: 0.4;
}

.emotion-1::-moz-placeholder {
  color: var(--text-font-color);
  font-weight: 600;
  opacity: 0.4;
}

.emotion-1:-ms-input-placeholder {
  color: var(--text-font-color);
  font-weight: 600;
  opacity: 0.4;
}

.emotion-1::placeholder {
  color: var(--text-font-color);
  font-weight: 600;
  opacity: 0.4;
}

.emotion-1:hover {
  -webkit-filter: brightness(0.9);
  filter: brightness(0.9);
}

.emotion-2 {
  border: 1px solid var(--search-input-border-and-icon-bg-color);
  background-color: var(--search-input-bg-color);
  color: var(--text-font-color);
  font-weight: 800;
  padding-left: 1em;
  padding-top: 0.5em;
  border-radius: var(--standard-border-radius);
  -webkit-transition: filter 0.3s ease-in-out;
  transition: filter 0.3s ease-in-out;
  height: calc(100% - 4em);
  max-width: 100%;
  min-width: 100%;
  box-shadow: var(--container-box-shadow);
}

.emotion-2::-webkit-input-placeholder {
  color: var(--text-font-color);
  font-weight: 600;
  opacity: 0.4;
}

.emotion-2::-moz-placeholder {
  color: var(--text-font-color);
  font-weight: 600;
  opacity: 0.4;
}

.emotion-2:-ms-input-placeholder {
  color: var(--text-font-color);
  font-weight: 600;
  opacity: 0.4;
}

.emotion-2::placeholder {
  color: var(--text-font-color);
  font-weight: 600;
  opacity: 0.4;
}

.emotion-2:hover {
  -webkit-filter: brightness(0.9);
  filter: brightness(0.9);
}

<div
  className="emotion-0"
>
  <input
    className="emotion-1"
    onChange={[Function]}
    placeholder="Task name"
    value=""
  />
  <textarea
    className="emotion-2"
    onChange={[Function]}
    placeholder="Task description"
    value="Buy a milk"
  />
</div>
`;
