// Jest Snapshot v1, https://goo.gl/fbAQLP

exports[`ActionButtons should match the snapshot 1`] = `
.emotion-0 {
  display: -webkit-box;
  display: -webkit-flex;
  display: -ms-flexbox;
  display: flex;
  -webkit-box-pack: space-evenly;
  -ms-flex-pack: space-evenly;
  -webkit-justify-content: space-evenly;
  justify-content: space-evenly;
  -webkit-align-items: center;
  -webkit-box-align: center;
  -ms-flex-align: center;
  align-items: center;
  height: 3em;
  margin: 0 2em 2em 2em;
  width: calc(100% - 4em);
}

.emotion-1 {
  cursor: pointer;
  -webkit-transition: filter 0.3s ease-in-out;
  transition: filter 0.3s ease-in-out;
  background-color: var(--add-new-task-button-bg-color);
  color: var(--button-font-color);
  border-radius: var(--standard-border-radius);
  height: 100%;
  width: calc((100% / 3) - 0.5em);
  font-weight: 900;
  font-size: 1rem;
  border: var(--standard-border);
  box-shadow: var(--button-box-shadow);
}

.emotion-1:hover {
  -webkit-filter: brightness(0.9);
  filter: brightness(0.9);
}

<div
  className="emotion-0"
>
  <button
    className="emotion-1"
    onClick={[MockFunction]}
  >
    cancelButton
  </button>
  <button
    className="emotion-1"
    onClick={[MockFunction]}
  >
    acceptButton
  </button>
</div>
`;
