// Jest Snapshot v1, https://goo.gl/fbAQLP

exports[`Icon should match the snapshot 1`] = `
.emotion-0 {
  display: -webkit-box;
  display: -webkit-flex;
  display: -ms-flexbox;
  display: flex;
  -webkit-align-items: center;
  -webkit-box-align: center;
  -ms-flex-align: center;
  align-items: center;
  -webkit-box-pack: center;
  -ms-flex-pack: center;
  -webkit-justify-content: center;
  justify-content: center;
}

.emotion-1 {
  height: calc(100% * 0.618);
  width: calc(100% * 0.618);
}

<div
  className="emotion-0"
>
  <div
    className="emotion-1"
  >
    icon
  </div>
</div>
`;
